[
    {
        "score": 5.0,
        "text": " AngularCure.com - Angular Cure LLC.\nOUR LATEST TESTIMONIALS\n\"Thank you AngularCure.  I spent months trying everything including Antibiotic creams, Cortisone, Natural Cures, Vitamin B, etc, etc nothing worked except your cream.  I have no pain and the embarrassing raw red corners of my mouth are gone\".\nRS: Boca Raton, Florida\n\"It works, it Really Works and right away for me.  My Cheilitis is completely gone.  I can go out again without makeup covering the red sores.  I very much appreciate your sympathy and immediate response to my problem\".\nMrs. Sax: New York City\n\"I have spent hundreds of dollars on \"cures\" that never did anything.  Your product was the least expensive and the most effective.  Your cream stopped my Cheilitis in it's tracks.  Bless you and please tell everyone possible YOU HAVE THE CURE\".\nEB: Ohio\nTo Turn Off Audio,\nUse Controls Below:\nWELCOME TO ANGULARCURE.COM\nThis site is dedicated to the cure of Angular Cheilitis.  You can now get delivered directly to you a medicine that will start working immediately to relieve pain and cracking plus heal up the sore in the corners of your mouth.  It will help restore your skin to it's normal clear condition. "
    },
    {
        "score": 4.0,
        "text": "It is fully guaranteed to do all of these things.\nOUR FEATURED PRODUCT\nAmazing Medical Cream\nOne tube of medication with enclosure information sent to your address within just a few days. Full money back guarantee.\nPrice: $49.95\nWinter Special: $39.95\nShipping: FREE\nOur 100% Secure Shopping Cart\n\u00a0\nWould you like to pay with\nGoogleCheckout instead?\nClick Here\n\u00a0\nBEFORE\nAFTER\nClick Here To Learn More About Angular Chilites\nHOW TO ORDER OUR PRODUCT\nWe have made ordering easy and secure.  To purchase online, click here.\nWant to order over the telephone?  Call us toll-free at 1-877-711-CURE (2873)\nOr, to reach us now, you can click here for our easy private call back system.\n(Click here to reach our confidential help desk immediately)\n\u00a0\nThe information contained on this Angular Chilitis web site is presented for the purpose of educating people on Angular Cheilitis.  Nothing contained on this web site should be construed nor is intended to be used for medical diagnosis or treatment.  It should not be used in place of the advice of your physician or other qualified health care provider. "
    }
]
