[
    {
        "score": 3.0,
        "text": "A liaison is available to assist throughout the entire process.\nDevelopment Fee Payment Plan Companies may take advantage of the Citys Payment Plan which allows for most development fees to be financed over a 5-year period, with 0% interest.\nWhether you are interested in the easy going country atmosphere or the friendly small-town allure, the entrepreneurial spirit abounds in Porterville. For more information about doing business in Porterville contact the Economic Development Division at business@chooseporterville.com or call 559.782.7460.  We welcome your call.\n\"More than information, the Citys Economic Development Division is a resource provider that can be used to build your business, attract highly qualified employees and assist with tax incentives increasing your potential for success!\nJohn Billiou\nBillious Outdoor Power Equipment\nThe Citys can-do attitude and team approach was a factor in selecting Porterville as the site for Edisons service center.\nRichard L. Park, Corporate Real Estate Manger\nSouthern California Edison\nWorking with the City showed us just how prepared they were to meet the unique needs of the job. "
    },
    {
        "score": 2.0,
        "text": " Home | City of Porterville, California\nHome \u00a0| \u00a0Contact\nProposal Login:\u00a0\u00a0\nCarl's Jr. sets sales recordSanford Nax & Bethany Clough from the FresnoBee\u00a0\u00a0|\u00a0\u00a002-Feb-2009\nBusy Year Ahead fo PortervilleRick Elkins from the Valley Voice Newspaper\u00a0\u00a0|\u00a0\u00a003-Feb-2009\nNestled against the foothills of Californias Sierra Nevada Mountains, Porterville is a bustling city of 52,000 and serves as a trade center to over 100,000 people.  The economy is a thriving mixture of agri-business, light industry, and commercial enterprise.  Local businesses produce a number of products such as electronic medical instruments, printed forms and specialty documents, and food products.\nSites and Buildings Visit our Properties page to search for available sites and buildings or contact our staff to help you locate properties that fit your projects needs.\nIncentive Zones The Business Incentive Zone, Californias only Targeted Tax Area, Foreign Trade Zone, and Recycling Market Development Zone are programs geared toward reducing operating costs.\nWorkforce Employers boast of low turnover rates and hire from a surrounding labor force of approximately 100,000.  Local programs are available to assist employers with all their hiring and training needs.\nPermit Fast Tracking The Citys one-stop permit counter provides for fast turnaround permitting. "
    },
    {
        "score": 2.0,
        "text": "City staff was friendly, knowledgeable, and approachable during the course of the project and definitely worked well with Dayco Construction, Inc.\nGary Day, President\nDayco Construction Company\nHome \u00a0\u00a0|\u00a0\u00a0 About Us \u00a0\u00a0|\u00a0\u00a0 Community Profile \u00a0\u00a0|\u00a0\u00a0 News\u00a0\u00a0|\u00a0\u00a0 Properties\u00a0\u00a0|\u00a0\u00a0 Contact\nCopyright 2008 City of Porterville, California\n291 N. Main St. | Porterville, CA 93257 | 559.782.7460 | Fax: 559.781.6437 | business@chooseporterville.com\nPowered by EDsuite"
    }
]
