[
    {
        "score": 20.0,
        "text": " Oregon University of Phoenix, University Adult Education\nUniversity of Phoenix Oregon\nUniversity of Phoenix University Oregon Adult Education Community College\nJanuary 17, 2009 To learn more, call:\nYou work hard.  A college degree does too.\nWith convenient class locations as well as online learning, University of Phoenix makes quality higher education highly accessible.  Whether youe seeking an associate, bachelor, master or doctoral degree, we can help you reach your goal while you worknd much sooner than you might expect.\n  In fact, University of Phoenix has helped thousands of students achieve the higher education they need to achieve higher success.  We can help you too.\nEarn your degree sooner than you think.\nFill in the form -->\n60 seconds is all it takes.Learn more today.\nChoose your location...\nUnited States\nAmerican SamoaAnguillaAntigua & BarbudoArubaAustraliaAustriaBahamasBahrainBarbadosBelgiumBelizeBermudaBrunei DarussalamCanadaCayman IslandsChileColombiaCosta RicaCroatiaCyprusCzech RepublicDenmarkDjiboutiDominicaDominican RepublicFinlandFranceGermanyGibraltarGreat BritainGreeceGuamHoly See (Vatican City)Hong KongHungaryIcelandIndonesiaIraqIrelandIsraelItalyJamaicaJapanKuwaitLiechtensteinLithuaniaLuxembourgMaltaMexicoMonacoNetherlandsNetherlands AntillesNew ZealandNorthern Marianas IslandsNorwayOmanPanamaPeruPhillipinesPolandPortugalPuerto RicoQatarSan MarinoSaudi ArabiaSingaporeSlovakiaSloveniaSouth KoreaSpainSt.  Kitts and NevisSt.  LuciaSt.  All rights reserved.\nUniversity of Phoenix AZ\nCopyright 2005, University of Phoenix AZ, All rights reserved.  University of Phoenix.\nUniversity of Pheonix, UOP AZ\nCopyright 2005, University of Pheonix AZ, All rights reserved. "
    },
    {
        "score": 17.0,
        "text": "University of Pheonix.\nUniversity of Phoenix AZ Community College Alternative AZ\nUOP AZ site map: uop AZ\nUniversity of Phoenix AZ community college alternative AZ site map: university of phoenix AZ\nMisspellings:\nUniversity of Pheonix AZ adult education site map: university of pheonix AZ\nUniversity of Phoemix AZ adult learning site map: university of phoemix AZ\nUniversity of Pheomix AZ degree site map: university of pheomix AZ\nUniversity of Pheonix AZ adult degree site map: university of pheonix AZ\nUniversity of fenix AZ continuing education site map: university of fenix AZ\nhttp://onlinemastersmind.wordpress.com"
    },
    {
        "score": 12.0,
        "text": " Oregon University of Phoenix, University Adult Education\nUniversity of Phoenix Oregon\nUniversity of Phoenix University Oregon Adult Education Community College\nJanuary 17, 2009 To learn more, call:\nYou work hard.  A college degree does too.\nWith convenient class locations as well as online learning, University of Phoenix makes quality higher education highly accessible.  Whether youe seeking an associate, bachelor, master or doctoral degree, we can help you reach your goal while you worknd much sooner than you might expect.\n  In fact, University of Phoenix has helped thousands of students achieve the higher education they need to achieve higher success.  We can help you too.\nEarn your degree sooner than you think.\nFill in the form -->\n60 seconds is all it takes.Learn more today.\nChoose your location...\nUnited States\nAmerican SamoaAnguillaAntigua & BarbudoArubaAustraliaAustriaBahamasBahrainBarbadosBelgiumBelizeBermudaBrunei DarussalamCanadaCayman IslandsChileColombiaCosta RicaCroatiaCyprusCzech RepublicDenmarkDjiboutiDominicaDominican RepublicFinlandFranceGermanyGibraltarGreat BritainGreeceGuamHoly See (Vatican City)Hong KongHungaryIcelandIndonesiaIraqIrelandIsraelItalyJamaicaJapanKuwaitLiechtensteinLithuaniaLuxembourgMaltaMexicoMonacoNetherlandsNetherlands AntillesNew ZealandNorthern Marianas IslandsNorwayOmanPanamaPeruPhillipinesPolandPortugalPuerto RicoQatarSan MarinoSaudi ArabiaSingaporeSlovakiaSloveniaSouth KoreaSpainSt.  Kitts and NevisSt.  LuciaSt. "
    },
    {
        "score": 11.0,
        "text": "VincentSwedenSwitzerlandTaiwanThailandTrinidad & TobagoTurks and CaicosUnited Arab EmiratesUS Minor Outlying IslandsVirgin Islands (British)Virgin Islands (US)\nCountry\nState\nZip / Postal Code\nWhat type of learning interests you?\nChoose One\nCampus\nOnline\nOnline or Campus\nChoose a Learning Format\nProgram of Interest\nOther Information\nChoose One\nDo Not Have High School Diploma/GED\nHave High School Diploma/GED\nCompleted 0-23 College Credits\nCompleted 24-47 College Credits\nCompleted 48 or More College Credits\nEarned Bachelor's Degree\nEarned Master's Degree\nHighest Level of Education\nChoose One\nYes\nNo\nAre you a US Citizen?\nChoose One\nNot AffiliatedAF - Active Duty(AD)AF - Selective Reserve(SR)AF - Spouse of AD or SRAF - VeteranAR - Active Duty(AD)AR - Selective Reserve(SR)AR - Spouse of AD or SRAR - VeteranCG - Active Duty(AD)CG - Selective Reserve(SR)CG - Spouse of AD or SRCG - VeteranMC - CivilianCG - CivilianAF - CivilianDOD-Civ-GSAR - CivilianNV - CivilianMC - Active Duty(AD)MC - Selective Reserve(SR)MC - Spouse of AD or SRMC - VeteranNV - Active Duty(AD)NV - Selective Reserve(SR)NV - Spouse of AD or SRNV - Veteran\nAssociated with the US Military?\nChoose One\nYes\nNo\nCredits earned outside of the US?\nContact Information\nMr.\nMrs.\nMs.\nTitle\nFirst Name\nLast Name\nHome Address\nCity\nEmail\nPhone Country Code\nPreferred Phone\nHome\nWork\nMobile\nType\nAlternate Phone\nHome\nWork\nMobile\nType\nWork Phone Extension\nDo you possess a current, unrestricted license to practice as a registered nurse in at least one U.S. state?\nI acknowledge that by submitting this form, I may be contacted by telephone or email\nOregon :\nUniversity of Phoenix Oregon |\nUniversity of Phoenix Portland\n| Select Another State\nUniversity of Phoenix Campuses:\nAlabama | Arkansas | British Columbia | California | Colorado | Florida | Georgia | Hawaii | Iowa | Idaho | Illinois | Indiana | Kansas | Kentucky | Louisiana | Massachusetts | Maryland | Michigan | Minnesota | Missouri | North Carolina | Nebraska | New Jersey | New Mexico | | New York | Ohio | Oklahoma | Oregon | Pennsylvania | Puerto Rico | South Carolina | Tennessee | Texas | Utah | Virginia | Virgin Islands | Washington | Wisconsin | Wyoming | Arizona\n| New York |\nLos Angeles |\nChicago |\nBaltimore |\nForth Worth |\nEl Paso |\nSeattle |\nDenver |\nPortland |\nLong Beach |\nNew Orleans |\nVirginia Beach |\nMiami |\nColorado Springs |\nArlington |\nPuerto Rico |\nStockton |\nAlabama |\nDistrict of Columbia, Washington DC\nAxia College | Tuition Costs | Degree Programs |\nEcampus Degrees | MBA Programs | Student Programs |\nUniversidad de Phoenix\nCosts/Tuition | College Degree Programs | Reviews |\nAccreditation | MBA Degrees\nAn affiliate of University of Phoenix\nAbout Us | Programs | How It Works | Financial Options | Accreditation | Privacy Policy\n\u00a9 2009 University of Phoenix, Inc."
    }
]
