[
    [
        {
            "body": " The Hubble telescope discovered two moons of Pluto, Nix and Hydra. ",
            "id": 1
        }
    ],
    [
        {
            "body": " Edwin Hubble, an astronomer with great achievement, completely reimagined our place in the universe (the telescope is named by him). ",
            "id": 1
        }
    ],
    [
        {
            "body": " Press ESC key, then the : (colon), and type the wq command after the colon and hit the Enter key to save and leave Vim. ",
            "id": 1
        }
    ],
    [
        {
            "body": " In Vim, you can always press the ESC key on your keyboard to enter the normal mode in the Vim editor. ",
            "id": 1
        }
    ],
    [
        {
            "body": " Common heart attack symptoms include: (1) Chest pain, (2) Pain or discomfort that spreads to the shoulder, arm, back, neck, jaw, teeth or sometimes the upper belly, etc. ",
            "id": 1
        }
    ],
    [
        {
            "body": " A heart attack happens when the flow of blood that brings oxygen to your heart muscle suddenly becomes blocked. ",
            "id": 1
        }
    ]
]
