[
    "  docno                                               text\n0     0  The Hubble telescope discovered two moons of P...",
    "  docno                                               text\n0     0  Edwin Hubble, an astronomer with great achieve...",
    "  docno                                               text\n0     0  Press ESC key, then the : (colon), and type th...",
    "  docno                                               text\n0     0  In Vim, you can always press the ESC key on yo...",
    "  docno                                               text\n0     0  Common heart attack symptoms include: (1) Ches...",
    "  docno                                               text\n0     0  A heart attack happens when the flow of blood ..."
]
